srun: Job step's --cpus-per-task value exceeds that of job (32 > 1). Job step may never run.
srun: error: Unable to create step for job 58126942: More processors requested than permitted
[1] This process is not using the same device it did during gtl_init.
 Current device_id 1 original device_id 0.
 Use of IPC is disabled from this point. IPC PUT protocol may be used instead 
[5] This process is not using the same device it did during gtl_init.
 Current device_id 1 original device_id 0.
 Use of IPC is disabled from this point. IPC PUT protocol may be used instead 
[2] This process is not using the same device it did during gtl_init.
 Current device_id 2 original device_id 0.
 Use of IPC is disabled from this point. IPC PUT protocol may be used instead 
[7] This process is not using the same device it did during gtl_init.
 Current device_id 3 original device_id 0.
 Use of IPC is disabled from this point. IPC PUT protocol may be used instead 
[6] This process is not using the same device it did during gtl_init.
 Current device_id 2 original device_id 0.
 Use of IPC is disabled from this point. IPC PUT protocol may be used instead 
[3] This process is not using the same device it did during gtl_init.
 Current device_id 3 original device_id 0.
 Use of IPC is disabled from this point. IPC PUT protocol may be used instead 
Opening /global/cfs/cdirs/m4267/shared/data/harvey/spatially-distributed-rainfall/mm-per-hr/mrms/bin/2017-08-26:18-00.int32.bin 
Opening /global/cfs/cdirs/m4267/shared/data/harvey/spatially-distributed-rainfall/mm-per-hr/mrms/bin/2017-08-26:19-00.int32.bin 
Opening /global/cfs/cdirs/m4267/shared/data/harvey/spatially-distributed-rainfall/mm-per-hr/mrms/bin/2017-08-26:20-00.int32.bin 
Opening /global/cfs/cdirs/m4267/shared/data/harvey/spatially-distributed-rainfall/mm-per-hr/mrms/bin/2017-08-26:21-00.int32.bin 
Opening /global/cfs/cdirs/m4267/shared/data/harvey/spatially-distributed-rainfall/mm-per-hr/mrms/bin/2017-08-26:22-00.int32.bin 
Opening /global/cfs/cdirs/m4267/shared/data/harvey/spatially-distributed-rainfall/mm-per-hr/mrms/bin/2017-08-26:23-00.int32.bin 
Opening /global/cfs/cdirs/m4267/shared/data/harvey/spatially-distributed-rainfall/mm-per-hr/mrms/bin/2017-08-27:00-00.int32.bin 
Opening /global/cfs/cdirs/m4267/shared/data/harvey/spatially-distributed-rainfall/mm-per-hr/mrms/bin/2017-08-27:01-00.int32.bin 
Opening /global/cfs/cdirs/m4267/shared/data/harvey/spatially-distributed-rainfall/mm-per-hr/mrms/bin/2017-08-27:02-00.int32.bin 
Opening /global/cfs/cdirs/m4267/shared/data/harvey/spatially-distributed-rainfall/mm-per-hr/mrms/bin/2017-08-27:03-00.int32.bin 
Opening /global/cfs/cdirs/m4267/shared/data/harvey/spatially-distributed-rainfall/mm-per-hr/mrms/bin/2017-08-27:04-00.int32.bin 
Opening /global/cfs/cdirs/m4267/shared/data/harvey/spatially-distributed-rainfall/mm-per-hr/mrms/bin/2017-08-27:05-00.int32.bin 
Opening /global/cfs/cdirs/m4267/shared/data/harvey/spatially-distributed-rainfall/mm-per-hr/mrms/bin/2017-08-27:06-00.int32.bin 
Opening /global/cfs/cdirs/m4267/shared/data/harvey/spatially-distributed-rainfall/mm-per-hr/mrms/bin/2017-08-27:07-00.int32.bin 
Opening /global/cfs/cdirs/m4267/shared/data/harvey/spatially-distributed-rainfall/mm-per-hr/mrms/bin/2017-08-27:08-00.int32.bin 
Opening /global/cfs/cdirs/m4267/shared/data/harvey/spatially-distributed-rainfall/mm-per-hr/mrms/bin/2017-08-27:09-00.int32.bin 
Opening /global/cfs/cdirs/m4267/shared/data/harvey/spatially-distributed-rainfall/mm-per-hr/mrms/bin/2017-08-27:10-00.int32.bin 
Opening /global/cfs/cdirs/m4267/shared/data/harvey/spatially-distributed-rainfall/mm-per-hr/mrms/bin/2017-08-27:11-00.int32.bin 
Opening /global/cfs/cdirs/m4267/shared/data/harvey/spatially-distributed-rainfall/mm-per-hr/mrms/bin/2017-08-27:12-00.int32.bin 
Opening /global/cfs/cdirs/m4267/shared/data/harvey/spatially-distributed-rainfall/mm-per-hr/mrms/bin/2017-08-27:13-00.int32.bin 
Opening /global/cfs/cdirs/m4267/shared/data/harvey/spatially-distributed-rainfall/mm-per-hr/mrms/bin/2017-08-27:14-00.int32.bin 
Opening /global/cfs/cdirs/m4267/shared/data/harvey/spatially-distributed-rainfall/mm-per-hr/mrms/bin/2017-08-27:15-00.int32.bin 
Opening /global/cfs/cdirs/m4267/shared/data/harvey/spatially-distributed-rainfall/mm-per-hr/mrms/bin/2017-08-27:16-00.int32.bin 
Opening /global/cfs/cdirs/m4267/shared/data/harvey/spatially-distributed-rainfall/mm-per-hr/mrms/bin/2017-08-27:17-00.int32.bin 
Opening /global/cfs/cdirs/m4267/shared/data/harvey/spatially-distributed-rainfall/mm-per-hr/mrms/bin/2017-08-27:18-00.int32.bin 
Opening /global/cfs/cdirs/m4267/shared/data/harvey/spatially-distributed-rainfall/mm-per-hr/mrms/bin/2017-08-27:19-00.int32.bin 
Opening /global/cfs/cdirs/m4267/shared/data/harvey/spatially-distributed-rainfall/mm-per-hr/mrms/bin/2017-08-27:20-00.int32.bin 
Opening /global/cfs/cdirs/m4267/shared/data/harvey/spatially-distributed-rainfall/mm-per-hr/mrms/bin/2017-08-27:21-00.int32.bin 
Opening /global/cfs/cdirs/m4267/shared/data/harvey/spatially-distributed-rainfall/mm-per-hr/mrms/bin/2017-08-27:22-00.int32.bin 
Opening /global/cfs/cdirs/m4267/shared/data/harvey/spatially-distributed-rainfall/mm-per-hr/mrms/bin/2017-08-27:23-00.int32.bin 
Opening /global/cfs/cdirs/m4267/shared/data/harvey/spatially-distributed-rainfall/mm-per-hr/mrms/bin/2017-08-28:00-00.int32.bin 
Opening /global/cfs/cdirs/m4267/shared/data/harvey/spatially-distributed-rainfall/mm-per-hr/mrms/bin/2017-08-28:01-00.int32.bin 
Opening /global/cfs/cdirs/m4267/shared/data/harvey/spatially-distributed-rainfall/mm-per-hr/mrms/bin/2017-08-28:02-00.int32.bin 
Opening /global/cfs/cdirs/m4267/shared/data/harvey/spatially-distributed-rainfall/mm-per-hr/mrms/bin/2017-08-28:03-00.int32.bin 
Opening /global/cfs/cdirs/m4267/shared/data/harvey/spatially-distributed-rainfall/mm-per-hr/mrms/bin/2017-08-28:04-00.int32.bin 
Opening /global/cfs/cdirs/m4267/shared/data/harvey/spatially-distributed-rainfall/mm-per-hr/mrms/bin/2017-08-28:05-00.int32.bin 
Opening /global/cfs/cdirs/m4267/shared/data/harvey/spatially-distributed-rainfall/mm-per-hr/mrms/bin/2017-08-28:06-00.int32.bin 
Opening /global/cfs/cdirs/m4267/shared/data/harvey/spatially-distributed-rainfall/mm-per-hr/mrms/bin/2017-08-28:07-00.int32.bin 
Opening /global/cfs/cdirs/m4267/shared/data/harvey/spatially-distributed-rainfall/mm-per-hr/mrms/bin/2017-08-28:08-00.int32.bin 
Opening /global/cfs/cdirs/m4267/shared/data/harvey/spatially-distributed-rainfall/mm-per-hr/mrms/bin/2017-08-28:09-00.int32.bin 
Opening /global/cfs/cdirs/m4267/shared/data/harvey/spatially-distributed-rainfall/mm-per-hr/mrms/bin/2017-08-28:10-00.int32.bin 
rain schedule: 12 hourly datasets preloaded for the 43200 s window (event hours 29-40)
gauge observations: 134 kept, 331 masked with observed WSE within 0. m of the cell bed (-adjoint_obs_above_bed), of 13 gauges x 48 times
class calibration: 3 of 15 classes active, 12 frozen at prior
class calibration: prior sigma_alpha = 0.3000 (beta = 1.1111e+01), relative variables alpha = n/n_prior
class calibration: alpha bounds [0.300, 3.000]
class calibration: 15 classes, 13 gauges, 48 obs times (every 900 steps), 134 observations, start n = 0.03, beta = 1.1e+01
class calibration: start-point gradient written to o63_g_gauge_c3_sa0.30.txt
class calibration: objective scaled by 1/J0 = 3.1935e-05; first trial step |g|/J0 = 0.4418 in alpha
  0 TAO,  Function value: 1.,  Residual: 0.241595 
  1 TAO,  Function value: 0.766657,  Residual: 0.000796516 
srun: forcing job termination
srun: got SIGCONT
srun: Job step aborted: Waiting up to 32 seconds for job step to finish.
[2026-09-14T09:27:19.507] error: *** STEP 58241452.0 ON nid004052 CANCELLED AT 2026-09-14T09:27:19 DUE to SIGNAL Killed ***
srun: error: nid004052: task 0: Killed
srun: Terminating StepId=58241452.0
srun: error: nid004069: task 4: Killed
srun: error: nid004069: tasks 5-7: Killed
srun: error: nid004052: tasks 1-3: Killed
