[5] This process is not using the same device it did during gtl_init.
 Current device_id 1 original device_id 0.
 Use of IPC is disabled from this point. IPC PUT protocol may be used instead 
[7] This process is not using the same device it did during gtl_init.
 Current device_id 3 original device_id 0.
 Use of IPC is disabled from this point. IPC PUT protocol may be used instead 
[6] This process is not using the same device it did during gtl_init.
 Current device_id 2 original device_id 0.
 Use of IPC is disabled from this point. IPC PUT protocol may be used instead 
[1] This process is not using the same device it did during gtl_init.
 Current device_id 1 original device_id 0.
 Use of IPC is disabled from this point. IPC PUT protocol may be used instead 
[3] This process is not using the same device it did during gtl_init.
 Current device_id 3 original device_id 0.
 Use of IPC is disabled from this point. IPC PUT protocol may be used instead 
[2] This process is not using the same device it did during gtl_init.
 Current device_id 2 original device_id 0.
 Use of IPC is disabled from this point. IPC PUT protocol may be used instead 
Opening /global/cfs/cdirs/m4267/shared/data/harvey/spatially-distributed-rainfall/mm-per-hr/mrms/bin/2017-08-26:18-00.int32.bin 
Opening /global/cfs/cdirs/m4267/shared/data/harvey/spatially-distributed-rainfall/mm-per-hr/mrms/bin/2017-08-26:19-00.int32.bin 
Opening /global/cfs/cdirs/m4267/shared/data/harvey/spatially-distributed-rainfall/mm-per-hr/mrms/bin/2017-08-26:20-00.int32.bin 
Opening /global/cfs/cdirs/m4267/shared/data/harvey/spatially-distributed-rainfall/mm-per-hr/mrms/bin/2017-08-26:21-00.int32.bin 
Opening /global/cfs/cdirs/m4267/shared/data/harvey/spatially-distributed-rainfall/mm-per-hr/mrms/bin/2017-08-26:22-00.int32.bin 
Opening /global/cfs/cdirs/m4267/shared/data/harvey/spatially-distributed-rainfall/mm-per-hr/mrms/bin/2017-08-26:23-00.int32.bin 
Opening /global/cfs/cdirs/m4267/shared/data/harvey/spatially-distributed-rainfall/mm-per-hr/mrms/bin/2017-08-27:00-00.int32.bin 
Opening /global/cfs/cdirs/m4267/shared/data/harvey/spatially-distributed-rainfall/mm-per-hr/mrms/bin/2017-08-27:01-00.int32.bin 
Opening /global/cfs/cdirs/m4267/shared/data/harvey/spatially-distributed-rainfall/mm-per-hr/mrms/bin/2017-08-27:02-00.int32.bin 
Opening /global/cfs/cdirs/m4267/shared/data/harvey/spatially-distributed-rainfall/mm-per-hr/mrms/bin/2017-08-27:03-00.int32.bin 
Opening /global/cfs/cdirs/m4267/shared/data/harvey/spatially-distributed-rainfall/mm-per-hr/mrms/bin/2017-08-27:04-00.int32.bin 
Opening /global/cfs/cdirs/m4267/shared/data/harvey/spatially-distributed-rainfall/mm-per-hr/mrms/bin/2017-08-27:05-00.int32.bin 
Opening /global/cfs/cdirs/m4267/shared/data/harvey/spatially-distributed-rainfall/mm-per-hr/mrms/bin/2017-08-27:06-00.int32.bin 
Opening /global/cfs/cdirs/m4267/shared/data/harvey/spatially-distributed-rainfall/mm-per-hr/mrms/bin/2017-08-27:07-00.int32.bin 
Opening /global/cfs/cdirs/m4267/shared/data/harvey/spatially-distributed-rainfall/mm-per-hr/mrms/bin/2017-08-27:08-00.int32.bin 
Opening /global/cfs/cdirs/m4267/shared/data/harvey/spatially-distributed-rainfall/mm-per-hr/mrms/bin/2017-08-27:09-00.int32.bin 
Opening /global/cfs/cdirs/m4267/shared/data/harvey/spatially-distributed-rainfall/mm-per-hr/mrms/bin/2017-08-27:10-00.int32.bin 
Opening /global/cfs/cdirs/m4267/shared/data/harvey/spatially-distributed-rainfall/mm-per-hr/mrms/bin/2017-08-27:11-00.int32.bin 
Opening /global/cfs/cdirs/m4267/shared/data/harvey/spatially-distributed-rainfall/mm-per-hr/mrms/bin/2017-08-27:12-00.int32.bin 
Opening /global/cfs/cdirs/m4267/shared/data/harvey/spatially-distributed-rainfall/mm-per-hr/mrms/bin/2017-08-27:13-00.int32.bin 
Opening /global/cfs/cdirs/m4267/shared/data/harvey/spatially-distributed-rainfall/mm-per-hr/mrms/bin/2017-08-27:14-00.int32.bin 
Opening /global/cfs/cdirs/m4267/shared/data/harvey/spatially-distributed-rainfall/mm-per-hr/mrms/bin/2017-08-27:15-00.int32.bin 
Opening /global/cfs/cdirs/m4267/shared/data/harvey/spatially-distributed-rainfall/mm-per-hr/mrms/bin/2017-08-27:16-00.int32.bin 
Opening /global/cfs/cdirs/m4267/shared/data/harvey/spatially-distributed-rainfall/mm-per-hr/mrms/bin/2017-08-27:17-00.int32.bin 
Opening /global/cfs/cdirs/m4267/shared/data/harvey/spatially-distributed-rainfall/mm-per-hr/mrms/bin/2017-08-27:18-00.int32.bin 
Opening /global/cfs/cdirs/m4267/shared/data/harvey/spatially-distributed-rainfall/mm-per-hr/mrms/bin/2017-08-27:19-00.int32.bin 
Opening /global/cfs/cdirs/m4267/shared/data/harvey/spatially-distributed-rainfall/mm-per-hr/mrms/bin/2017-08-27:20-00.int32.bin 
Opening /global/cfs/cdirs/m4267/shared/data/harvey/spatially-distributed-rainfall/mm-per-hr/mrms/bin/2017-08-27:21-00.int32.bin 
Opening /global/cfs/cdirs/m4267/shared/data/harvey/spatially-distributed-rainfall/mm-per-hr/mrms/bin/2017-08-27:22-00.int32.bin 
Opening /global/cfs/cdirs/m4267/shared/data/harvey/spatially-distributed-rainfall/mm-per-hr/mrms/bin/2017-08-27:23-00.int32.bin 
Opening /global/cfs/cdirs/m4267/shared/data/harvey/spatially-distributed-rainfall/mm-per-hr/mrms/bin/2017-08-28:00-00.int32.bin 
Opening /global/cfs/cdirs/m4267/shared/data/harvey/spatially-distributed-rainfall/mm-per-hr/mrms/bin/2017-08-28:01-00.int32.bin 
Opening /global/cfs/cdirs/m4267/shared/data/harvey/spatially-distributed-rainfall/mm-per-hr/mrms/bin/2017-08-28:02-00.int32.bin 
Opening /global/cfs/cdirs/m4267/shared/data/harvey/spatially-distributed-rainfall/mm-per-hr/mrms/bin/2017-08-28:03-00.int32.bin 
Opening /global/cfs/cdirs/m4267/shared/data/harvey/spatially-distributed-rainfall/mm-per-hr/mrms/bin/2017-08-28:04-00.int32.bin 
Opening /global/cfs/cdirs/m4267/shared/data/harvey/spatially-distributed-rainfall/mm-per-hr/mrms/bin/2017-08-28:05-00.int32.bin 
Opening /global/cfs/cdirs/m4267/shared/data/harvey/spatially-distributed-rainfall/mm-per-hr/mrms/bin/2017-08-28:06-00.int32.bin 
Opening /global/cfs/cdirs/m4267/shared/data/harvey/spatially-distributed-rainfall/mm-per-hr/mrms/bin/2017-08-28:07-00.int32.bin 
Opening /global/cfs/cdirs/m4267/shared/data/harvey/spatially-distributed-rainfall/mm-per-hr/mrms/bin/2017-08-28:08-00.int32.bin 
Opening /global/cfs/cdirs/m4267/shared/data/harvey/spatially-distributed-rainfall/mm-per-hr/mrms/bin/2017-08-28:09-00.int32.bin 
Opening /global/cfs/cdirs/m4267/shared/data/harvey/spatially-distributed-rainfall/mm-per-hr/mrms/bin/2017-08-28:10-00.int32.bin 
rain schedule: 12 hourly datasets preloaded for the 43200 s window (event hours 29-40)
hwm observations: 46 marks (0 below cell bed, zero-weighted), peaks sampled at 144 times every 300 steps
class calibration: prior sigma_alpha = 0.3000 (beta = 1.1111e+01), relative variables alpha = n/n_prior
class calibration: alpha bounds [0.300, 3.000]
class calibration (hwm peaks): 15 classes, 46 marks, start n = 0.03, beta = 1.1e+01
hwm init: J 8.082566e+02, peak-WSE MAE 0.7188 m, model dry at 0 of 46 marks
class calibration: start-point gradient written to o62_g_c15_sa0.30.txt
class calibration: objective scaled by 1/J0 = 1.2372e-03; first trial step |g|/J0 = 0.1575 in alpha
  0 TAO,  Function value: 1.,  Residual: 0.15745 
  1 TAO,  Function value: 0.822395,  Residual: 0.0605284 
  2 TAO,  Function value: 0.795407,  Residual: 0.11856 
  3 TAO,  Function value: 0.781903,  Residual: 0.35211 
srun: forcing job termination
srun: got SIGCONT
srun: Job step aborted: Waiting up to 32 seconds for job step to finish.
[2026-09-10T11:26:53.349] error: *** STEP 58069236.0 ON nid001684 CANCELLED AT 2026-09-10T11:26:53 DUE to SIGNAL Killed ***
srun: error: nid001684: task 0: Killed
srun: Terminating StepId=58069236.0
srun: error: nid001685: task 4: Killed
srun: error: nid001685: tasks 5-7: Killed
srun: error: nid001684: tasks 1-3: Killed
