=== o62 c3_sa0.50: sigma_alpha=0.50 -adjoint_classes_active 23,90,22 on 2 nodes, Sat Sep 12 04:08:55 AM PDT 2026
calibration exit=0 (124 = wall budget, dump kept) Sat Sep 12 07:11:21 AM PDT 2026
/var/spool/slurmd/job58125983/slurm_script: line 113: 1261902 Terminated              ( k=0; last=""; while sleep 30; do
    [ -f $DUMP ] || continue; cur=$(md5sum < $DUMP); if [ "$cur" != "$last" ]; then
        k=$((k+1)); cp $DUMP o62_p_${TAG}_it${k}.txt; last=$cur;
    fi;
done )
class calibration: 3 of 15 classes active, 12 frozen at prior
class calibration: prior sigma_alpha = 0.5000 (beta = 4.0000e+00), relative variables alpha = n/n_prior
hwm init: J 8.082566e+02, peak-WSE MAE 0.7188 m, model dry at 0 of 46 marks
  0 TAO,  Function value: 1.,  Residual: 0.143643 
  1 TAO,  Function value: 0.788084,  Residual: 0. 
hwm final: J 6.369742e+02, peak-WSE MAE 0.6295 m, model dry at 0 of 46 marks
class recovery: 1 TAO its, J_final 6.369742e+02, rel L2 vs prior 0.5618, max class rel err 2.0000
=== o62 c3_sa0.50: scoring final dump Sat Sep 12 07:11:21 AM PDT 2026
score exit=0 Sat Sep 12 07:32:04 AM PDT 2026
hwm eval (class table): J 6.270142e+02, peak-WSE MAE 0.6295 m, model dry at 0 of 46 marks (144 obs times over 43200 steps)
--- final class table ---
# NLCD_code  manning_n   (after 1 TAO iterations, J 6.369742e+02)
11 0.038
21 0.04
22 0.27
23 0.036
24 0.16
31 0.027
41 0.15
42 0.12
43 0.14
52 0.115
71 0.038
81 0.038
82 0.035
90 0.0294
95 0.068

compare against (absolute sigma_n 0.015):  NLCD prior MAE 0.7188 | 15 classes 0.6116 | 3 classes 0.6274
