[1] This process is not using the same device it did during gtl_init.
 Current device_id 1 original device_id 0.
 Use of IPC is disabled from this point. IPC PUT protocol may be used instead 
[2] This process is not using the same device it did during gtl_init.
 Current device_id 2 original device_id 0.
 Use of IPC is disabled from this point. IPC PUT protocol may be used instead 
[3] This process is not using the same device it did during gtl_init.
 Current device_id 3 original device_id 0.
 Use of IPC is disabled from this point. IPC PUT protocol may be used instead 
[5] This process is not using the same device it did during gtl_init.
 Current device_id 1 original device_id 0.
 Use of IPC is disabled from this point. IPC PUT protocol may be used instead 
[7] This process is not using the same device it did during gtl_init.
 Current device_id 3 original device_id 0.
 Use of IPC is disabled from this point. IPC PUT protocol may be used instead 
[6] This process is not using the same device it did during gtl_init.
 Current device_id 2 original device_id 0.
 Use of IPC is disabled from this point. IPC PUT protocol may be used instead 
Opening /global/cfs/cdirs/m4267/shared/data/harvey/spatially-distributed-rainfall/mm-per-hr/mrms/bin/2017-08-26:18-00.int32.bin 
Opening /global/cfs/cdirs/m4267/shared/data/harvey/spatially-distributed-rainfall/mm-per-hr/mrms/bin/2017-08-26:19-00.int32.bin 
Opening /global/cfs/cdirs/m4267/shared/data/harvey/spatially-distributed-rainfall/mm-per-hr/mrms/bin/2017-08-26:20-00.int32.bin 
Opening /global/cfs/cdirs/m4267/shared/data/harvey/spatially-distributed-rainfall/mm-per-hr/mrms/bin/2017-08-26:21-00.int32.bin 
Opening /global/cfs/cdirs/m4267/shared/data/harvey/spatially-distributed-rainfall/mm-per-hr/mrms/bin/2017-08-26:22-00.int32.bin 
Opening /global/cfs/cdirs/m4267/shared/data/harvey/spatially-distributed-rainfall/mm-per-hr/mrms/bin/2017-08-26:23-00.int32.bin 
Opening /global/cfs/cdirs/m4267/shared/data/harvey/spatially-distributed-rainfall/mm-per-hr/mrms/bin/2017-08-27:00-00.int32.bin 
Opening /global/cfs/cdirs/m4267/shared/data/harvey/spatially-distributed-rainfall/mm-per-hr/mrms/bin/2017-08-27:01-00.int32.bin 
Opening /global/cfs/cdirs/m4267/shared/data/harvey/spatially-distributed-rainfall/mm-per-hr/mrms/bin/2017-08-27:02-00.int32.bin 
Opening /global/cfs/cdirs/m4267/shared/data/harvey/spatially-distributed-rainfall/mm-per-hr/mrms/bin/2017-08-27:03-00.int32.bin 
Opening /global/cfs/cdirs/m4267/shared/data/harvey/spatially-distributed-rainfall/mm-per-hr/mrms/bin/2017-08-27:04-00.int32.bin 
Opening /global/cfs/cdirs/m4267/shared/data/harvey/spatially-distributed-rainfall/mm-per-hr/mrms/bin/2017-08-27:05-00.int32.bin 
Opening /global/cfs/cdirs/m4267/shared/data/harvey/spatially-distributed-rainfall/mm-per-hr/mrms/bin/2017-08-27:06-00.int32.bin 
Opening /global/cfs/cdirs/m4267/shared/data/harvey/spatially-distributed-rainfall/mm-per-hr/mrms/bin/2017-08-27:07-00.int32.bin 
Opening /global/cfs/cdirs/m4267/shared/data/harvey/spatially-distributed-rainfall/mm-per-hr/mrms/bin/2017-08-27:08-00.int32.bin 
Opening /global/cfs/cdirs/m4267/shared/data/harvey/spatially-distributed-rainfall/mm-per-hr/mrms/bin/2017-08-27:09-00.int32.bin 
Opening /global/cfs/cdirs/m4267/shared/data/harvey/spatially-distributed-rainfall/mm-per-hr/mrms/bin/2017-08-27:10-00.int32.bin 
Opening /global/cfs/cdirs/m4267/shared/data/harvey/spatially-distributed-rainfall/mm-per-hr/mrms/bin/2017-08-27:11-00.int32.bin 
Opening /global/cfs/cdirs/m4267/shared/data/harvey/spatially-distributed-rainfall/mm-per-hr/mrms/bin/2017-08-27:12-00.int32.bin 
Opening /global/cfs/cdirs/m4267/shared/data/harvey/spatially-distributed-rainfall/mm-per-hr/mrms/bin/2017-08-27:13-00.int32.bin 
Opening /global/cfs/cdirs/m4267/shared/data/harvey/spatially-distributed-rainfall/mm-per-hr/mrms/bin/2017-08-27:14-00.int32.bin 
Opening /global/cfs/cdirs/m4267/shared/data/harvey/spatially-distributed-rainfall/mm-per-hr/mrms/bin/2017-08-27:15-00.int32.bin 
Opening /global/cfs/cdirs/m4267/shared/data/harvey/spatially-distributed-rainfall/mm-per-hr/mrms/bin/2017-08-27:16-00.int32.bin 
Opening /global/cfs/cdirs/m4267/shared/data/harvey/spatially-distributed-rainfall/mm-per-hr/mrms/bin/2017-08-27:17-00.int32.bin 
Opening /global/cfs/cdirs/m4267/shared/data/harvey/spatially-distributed-rainfall/mm-per-hr/mrms/bin/2017-08-27:18-00.int32.bin 
Opening /global/cfs/cdirs/m4267/shared/data/harvey/spatially-distributed-rainfall/mm-per-hr/mrms/bin/2017-08-27:19-00.int32.bin 
Opening /global/cfs/cdirs/m4267/shared/data/harvey/spatially-distributed-rainfall/mm-per-hr/mrms/bin/2017-08-27:20-00.int32.bin 
Opening /global/cfs/cdirs/m4267/shared/data/harvey/spatially-distributed-rainfall/mm-per-hr/mrms/bin/2017-08-27:21-00.int32.bin 
Opening /global/cfs/cdirs/m4267/shared/data/harvey/spatially-distributed-rainfall/mm-per-hr/mrms/bin/2017-08-27:22-00.int32.bin 
Opening /global/cfs/cdirs/m4267/shared/data/harvey/spatially-distributed-rainfall/mm-per-hr/mrms/bin/2017-08-27:23-00.int32.bin 
Opening /global/cfs/cdirs/m4267/shared/data/harvey/spatially-distributed-rainfall/mm-per-hr/mrms/bin/2017-08-28:00-00.int32.bin 
Opening /global/cfs/cdirs/m4267/shared/data/harvey/spatially-distributed-rainfall/mm-per-hr/mrms/bin/2017-08-28:01-00.int32.bin 
Opening /global/cfs/cdirs/m4267/shared/data/harvey/spatially-distributed-rainfall/mm-per-hr/mrms/bin/2017-08-28:02-00.int32.bin 
Opening /global/cfs/cdirs/m4267/shared/data/harvey/spatially-distributed-rainfall/mm-per-hr/mrms/bin/2017-08-28:03-00.int32.bin 
Opening /global/cfs/cdirs/m4267/shared/data/harvey/spatially-distributed-rainfall/mm-per-hr/mrms/bin/2017-08-28:04-00.int32.bin 
Opening /global/cfs/cdirs/m4267/shared/data/harvey/spatially-distributed-rainfall/mm-per-hr/mrms/bin/2017-08-28:05-00.int32.bin 
Opening /global/cfs/cdirs/m4267/shared/data/harvey/spatially-distributed-rainfall/mm-per-hr/mrms/bin/2017-08-28:06-00.int32.bin 
Opening /global/cfs/cdirs/m4267/shared/data/harvey/spatially-distributed-rainfall/mm-per-hr/mrms/bin/2017-08-28:07-00.int32.bin 
Opening /global/cfs/cdirs/m4267/shared/data/harvey/spatially-distributed-rainfall/mm-per-hr/mrms/bin/2017-08-28:08-00.int32.bin 
Opening /global/cfs/cdirs/m4267/shared/data/harvey/spatially-distributed-rainfall/mm-per-hr/mrms/bin/2017-08-28:09-00.int32.bin 
Opening /global/cfs/cdirs/m4267/shared/data/harvey/spatially-distributed-rainfall/mm-per-hr/mrms/bin/2017-08-28:10-00.int32.bin 
rain schedule: 12 hourly datasets preloaded for the 43200 s window (event hours 29-40)
hwm observations: 46 marks (0 below cell bed, zero-weighted), peaks sampled at 144 times every 300 steps
class calibration: 3 of 15 classes active, 12 frozen at prior
class calibration: prior sigma_alpha = 0.5000 (beta = 4.0000e+00), relative variables alpha = n/n_prior
class calibration: alpha bounds [0.300, 3.000]
class calibration (hwm peaks): 15 classes, 46 marks, start n = 0.03, beta = 4.0e+00
hwm init: J 8.082566e+02, peak-WSE MAE 0.7188 m, model dry at 0 of 46 marks
class calibration: start-point gradient written to o62_g_c3_sa0.50.txt
class calibration: objective scaled by 1/J0 = 1.2372e-03; first trial step |g|/J0 = 0.1575 in alpha
  0 TAO,  Function value: 1.,  Residual: 0.143643 
  1 TAO,  Function value: 0.788084,  Residual: 0. 
hwm final: J 6.369742e+02, peak-WSE MAE 0.6295 m, model dry at 0 of 46 marks
  NLCD  prior_n  recovered_n   rel_err   cells
    11   0.0380      0.0380     0.000   12323
    21   0.0400      0.0400     0.000  177961
    22   0.0900      0.2700     2.000  438583
    23   0.1200      0.0360     0.700  928301
    24   0.1600      0.1600     0.000  551909
    31   0.0270      0.0270     0.000   33039
    41   0.1500      0.1500     0.000   15937
    42   0.1200      0.1200     0.000   43306
    43   0.1400      0.1400     0.000   11975
    52   0.1150      0.1150     0.000   23169
    71   0.0380      0.0380     0.000   16927
    81   0.0380      0.0380     0.000  428136
    82   0.0350      0.0350     0.000   85715
    90   0.0980      0.0294     0.700  122128
    95   0.0680      0.0680     0.000   37123
class calibration: solution written to o62_p_c3_sa0.50.txt
class recovery: 1 TAO its, J_final 6.369742e+02, rel L2 vs prior 0.5618, max class rel err 2.0000
