[13] This process is not using the same device it did during gtl_init.
 Current device_id 1 original device_id 0.
 Use of IPC is disabled from this point. IPC PUT protocol may be used instead 
[1] This process is not using the same device it did during gtl_init.
 Current device_id 1 original device_id 0.
 Use of IPC is disabled from this point. IPC PUT protocol may be used instead 
[2] This process is not using the same device it did during gtl_init.
 Current device_id 2 original device_id 0.
 Use of IPC is disabled from this point. IPC PUT protocol may be used instead 
[10] This process is not using the same device it did during gtl_init.
 Current device_id 2 original device_id 0.
 Use of IPC is disabled from this point. IPC PUT protocol may be used instead 
[6] This process is not using the same device it did during gtl_init.
 Current device_id 2 original device_id 0.
 Use of IPC is disabled from this point. IPC PUT protocol may be used instead 
[7] This process is not using the same device it did during gtl_init.
 Current device_id 3 original device_id 0.
 Use of IPC is disabled from this point. IPC PUT protocol may be used instead 
[14] This process is not using the same device it did during gtl_init.
 Current device_id 2 original device_id 0.
 Use of IPC is disabled from this point. IPC PUT protocol may be used instead 
[11] This process is not using the same device it did during gtl_init.
 Current device_id 3 original device_id 0.
 Use of IPC is disabled from this point. IPC PUT protocol may be used instead 
[15] This process is not using the same device it did during gtl_init.
 Current device_id 3 original device_id 0.
 Use of IPC is disabled from this point. IPC PUT protocol may be used instead 
[3] This process is not using the same device it did during gtl_init.
 Current device_id 3 original device_id 0.
 Use of IPC is disabled from this point. IPC PUT protocol may be used instead 
[5] This process is not using the same device it did during gtl_init.
 Current device_id 1 original device_id 0.
 Use of IPC is disabled from this point. IPC PUT protocol may be used instead 
[9] This process is not using the same device it did during gtl_init.
 Current device_id 1 original device_id 0.
 Use of IPC is disabled from this point. IPC PUT protocol may be used instead 
Opening /global/cfs/cdirs/m4267/shared/data/harvey/spatially-distributed-rainfall/mm-per-hr/mrms/bin/2017-08-26:18-00.int32.bin 
Opening /global/cfs/cdirs/m4267/shared/data/harvey/spatially-distributed-rainfall/mm-per-hr/mrms/bin/2017-08-26:19-00.int32.bin 
Opening /global/cfs/cdirs/m4267/shared/data/harvey/spatially-distributed-rainfall/mm-per-hr/mrms/bin/2017-08-26:20-00.int32.bin 
Opening /global/cfs/cdirs/m4267/shared/data/harvey/spatially-distributed-rainfall/mm-per-hr/mrms/bin/2017-08-26:21-00.int32.bin 
Opening /global/cfs/cdirs/m4267/shared/data/harvey/spatially-distributed-rainfall/mm-per-hr/mrms/bin/2017-08-26:22-00.int32.bin 
Opening /global/cfs/cdirs/m4267/shared/data/harvey/spatially-distributed-rainfall/mm-per-hr/mrms/bin/2017-08-26:23-00.int32.bin 
Opening /global/cfs/cdirs/m4267/shared/data/harvey/spatially-distributed-rainfall/mm-per-hr/mrms/bin/2017-08-27:00-00.int32.bin 
Opening /global/cfs/cdirs/m4267/shared/data/harvey/spatially-distributed-rainfall/mm-per-hr/mrms/bin/2017-08-27:01-00.int32.bin 
Opening /global/cfs/cdirs/m4267/shared/data/harvey/spatially-distributed-rainfall/mm-per-hr/mrms/bin/2017-08-27:02-00.int32.bin 
Opening /global/cfs/cdirs/m4267/shared/data/harvey/spatially-distributed-rainfall/mm-per-hr/mrms/bin/2017-08-27:03-00.int32.bin 
Opening /global/cfs/cdirs/m4267/shared/data/harvey/spatially-distributed-rainfall/mm-per-hr/mrms/bin/2017-08-27:04-00.int32.bin 
Opening /global/cfs/cdirs/m4267/shared/data/harvey/spatially-distributed-rainfall/mm-per-hr/mrms/bin/2017-08-27:05-00.int32.bin 
Opening /global/cfs/cdirs/m4267/shared/data/harvey/spatially-distributed-rainfall/mm-per-hr/mrms/bin/2017-08-27:06-00.int32.bin 
Opening /global/cfs/cdirs/m4267/shared/data/harvey/spatially-distributed-rainfall/mm-per-hr/mrms/bin/2017-08-27:07-00.int32.bin 
Opening /global/cfs/cdirs/m4267/shared/data/harvey/spatially-distributed-rainfall/mm-per-hr/mrms/bin/2017-08-27:08-00.int32.bin 
Opening /global/cfs/cdirs/m4267/shared/data/harvey/spatially-distributed-rainfall/mm-per-hr/mrms/bin/2017-08-27:09-00.int32.bin 
Opening /global/cfs/cdirs/m4267/shared/data/harvey/spatially-distributed-rainfall/mm-per-hr/mrms/bin/2017-08-27:10-00.int32.bin 
Opening /global/cfs/cdirs/m4267/shared/data/harvey/spatially-distributed-rainfall/mm-per-hr/mrms/bin/2017-08-27:11-00.int32.bin 
Opening /global/cfs/cdirs/m4267/shared/data/harvey/spatially-distributed-rainfall/mm-per-hr/mrms/bin/2017-08-27:12-00.int32.bin 
Opening /global/cfs/cdirs/m4267/shared/data/harvey/spatially-distributed-rainfall/mm-per-hr/mrms/bin/2017-08-27:13-00.int32.bin 
Opening /global/cfs/cdirs/m4267/shared/data/harvey/spatially-distributed-rainfall/mm-per-hr/mrms/bin/2017-08-27:14-00.int32.bin 
Opening /global/cfs/cdirs/m4267/shared/data/harvey/spatially-distributed-rainfall/mm-per-hr/mrms/bin/2017-08-27:15-00.int32.bin 
Opening /global/cfs/cdirs/m4267/shared/data/harvey/spatially-distributed-rainfall/mm-per-hr/mrms/bin/2017-08-27:16-00.int32.bin 
Opening /global/cfs/cdirs/m4267/shared/data/harvey/spatially-distributed-rainfall/mm-per-hr/mrms/bin/2017-08-27:17-00.int32.bin 
Opening /global/cfs/cdirs/m4267/shared/data/harvey/spatially-distributed-rainfall/mm-per-hr/mrms/bin/2017-08-27:18-00.int32.bin 
Opening /global/cfs/cdirs/m4267/shared/data/harvey/spatially-distributed-rainfall/mm-per-hr/mrms/bin/2017-08-27:19-00.int32.bin 
Opening /global/cfs/cdirs/m4267/shared/data/harvey/spatially-distributed-rainfall/mm-per-hr/mrms/bin/2017-08-27:20-00.int32.bin 
Opening /global/cfs/cdirs/m4267/shared/data/harvey/spatially-distributed-rainfall/mm-per-hr/mrms/bin/2017-08-27:21-00.int32.bin 
Opening /global/cfs/cdirs/m4267/shared/data/harvey/spatially-distributed-rainfall/mm-per-hr/mrms/bin/2017-08-27:22-00.int32.bin 
Opening /global/cfs/cdirs/m4267/shared/data/harvey/spatially-distributed-rainfall/mm-per-hr/mrms/bin/2017-08-27:23-00.int32.bin 
Opening /global/cfs/cdirs/m4267/shared/data/harvey/spatially-distributed-rainfall/mm-per-hr/mrms/bin/2017-08-28:00-00.int32.bin 
Opening /global/cfs/cdirs/m4267/shared/data/harvey/spatially-distributed-rainfall/mm-per-hr/mrms/bin/2017-08-28:01-00.int32.bin 
Opening /global/cfs/cdirs/m4267/shared/data/harvey/spatially-distributed-rainfall/mm-per-hr/mrms/bin/2017-08-28:02-00.int32.bin 
Opening /global/cfs/cdirs/m4267/shared/data/harvey/spatially-distributed-rainfall/mm-per-hr/mrms/bin/2017-08-28:03-00.int32.bin 
Opening /global/cfs/cdirs/m4267/shared/data/harvey/spatially-distributed-rainfall/mm-per-hr/mrms/bin/2017-08-28:04-00.int32.bin 
Opening /global/cfs/cdirs/m4267/shared/data/harvey/spatially-distributed-rainfall/mm-per-hr/mrms/bin/2017-08-28:05-00.int32.bin 
Opening /global/cfs/cdirs/m4267/shared/data/harvey/spatially-distributed-rainfall/mm-per-hr/mrms/bin/2017-08-28:06-00.int32.bin 
Opening /global/cfs/cdirs/m4267/shared/data/harvey/spatially-distributed-rainfall/mm-per-hr/mrms/bin/2017-08-28:07-00.int32.bin 
Opening /global/cfs/cdirs/m4267/shared/data/harvey/spatially-distributed-rainfall/mm-per-hr/mrms/bin/2017-08-28:08-00.int32.bin 
Opening /global/cfs/cdirs/m4267/shared/data/harvey/spatially-distributed-rainfall/mm-per-hr/mrms/bin/2017-08-28:09-00.int32.bin 
Opening /global/cfs/cdirs/m4267/shared/data/harvey/spatially-distributed-rainfall/mm-per-hr/mrms/bin/2017-08-28:10-00.int32.bin 
rain schedule: 12 hourly datasets preloaded for the 43200 s window (event hours 29-40)
hwm observations: 46 marks (0 below cell bed, zero-weighted), peaks sampled at 144 times every 300 steps
class calibration: 3 of 15 classes active, 12 frozen at prior
class calibration: prior sigma_n = 0.0150 (beta = 4.4444e+03), relative variables alpha = n/n_prior
class calibration: alpha bounds [0.300, 3.000]
class calibration (hwm peaks): 15 classes, 46 marks, start n = 0.03, beta = 4.4e+03
hwm init: J 8.082566e+02, peak-WSE MAE 0.7188 m, model dry at 0 of 46 marks
class calibration: start-point gradient written to o59_g_57649525.txt
class calibration: objective scaled by 1/J0 = 1.2372e-03; first trial step |g|/J0 = 0.1575 in alpha
  0 TAO,  Function value: 1.,  Residual: 0.143643 
  1 TAO,  Function value: 0.89718,  Residual: 0.0754734 
  2 TAO,  Function value: 0.844136,  Residual: 0.00691323 
  3 TAO,  Function value: 0.843947,  Residual: 0.0145433 
  4 TAO,  Function value: 0.843935,  Residual: 0.00779137 
[2026-08-27T18:23:37.463] error: *** STEP 57649525.1 ON nid002268 CANCELLED AT 2026-08-27T18:23:37 DUE TO TIME LIMIT ***
[8]PETSC ERROR: ------------------------------------------------------------------------
[8]PETSC ERROR: Caught signal number 15 Terminate: Some process (or the batch system) has told this process to end
[8]PETSC ERROR: Try option -start_in_debugger or -on_error_attach_debugger
[8]PETSC ERROR: or see https://petsc.org/release/faq/#valgrind and https://petsc.org/release/faq/
[8]PETSC ERROR: or try https://docs.nvidia.com/compute-sanitizer/ComputeSanitizer/index.html on NVIDIA CUDA systems to find memory corruption errors
[8]PETSC ERROR: configure using --with-debugging=yes, recompile, link, and run 
[8]PETSC ERROR: to get more information on the crash.
MPICH ERROR [Rank 8] [job id 57649525.1] [Thu Aug 27 11:23:37 2026] [nid002272] - Abort(59) (rank 8 in comm 0): application called MPI_Abort(MPI_COMM_WORLD, 59) - process 8

aborting job:
application called MPI_Abort(MPI_COMM_WORLD, 59) - process 8
[4]PETSC ERROR: ------------------------------------------------------------------------
[4]PETSC ERROR: Caught signal number 15 Terminate: Some process (or the batch system) has told this process to end
[4]PETSC ERROR: Try option -start_in_debugger or -on_error_attach_debugger
[4]PETSC ERROR: or see https://petsc.org/release/faq/#valgrind and https://petsc.org/release/faq/
[4]PETSC ERROR: or try https://docs.nvidia.com/compute-sanitizer/ComputeSanitizer/index.html on NVIDIA CUDA systems to find memory corruption errors
[4]PETSC ERROR: configure using --with-debugging=yes, recompile, link, and run 
[4]PETSC ERROR: to get more information on the crash.
MPICH ERROR [Rank 4] [job id 57649525.1] [Thu Aug 27 11:23:37 2026] [nid002269] - Abort(59) (rank 4 in comm 0): application called MPI_Abort(MPI_COMM_WORLD, 59) - process 4

aborting job:
application called MPI_Abort(MPI_COMM_WORLD, 59) - process 4
[12]PETSC ERROR: ------------------------------------------------------------------------
[12]PETSC ERROR: Caught signal number 15 Terminate: Some process (or the batch system) has told this process to end
[12]PETSC ERROR: Try option -start_in_debugger or -on_error_attach_debugger
[12]PETSC ERROR: or see https://petsc.org/release/faq/#valgrind and https://petsc.org/release/faq/
[12]PETSC ERROR: or try https://docs.nvidia.com/compute-sanitizer/ComputeSanitizer/index.html on NVIDIA CUDA systems to find memory corruption errors
[12]PETSC ERROR: configure using --with-debugging=yes, recompile, link, and run 
[12]PETSC ERROR: to get more information on the crash.
MPICH ERROR [Rank 12] [job id 57649525.1] [Thu Aug 27 11:23:37 2026] [nid002789] - Abort(59) (rank 12 in comm 0): application called MPI_Abort(MPI_COMM_WORLD, 59) - process 12

aborting job:
application called MPI_Abort(MPI_COMM_WORLD, 59) - process 12
[0]PETSC ERROR: ------------------------------------------------------------------------
[0]PETSC ERROR: Caught signal number 15 Terminate: Some process (or the batch system) has told this process to end
[0]PETSC ERROR: Try option -start_in_debugger or -on_error_attach_debugger
[0]PETSC ERROR: or see https://petsc.org/release/faq/#valgrind and https://petsc.org/release/faq/
[0]PETSC ERROR: or try https://docs.nvidia.com/compute-sanitizer/ComputeSanitizer/index.html on NVIDIA CUDA systems to find memory corruption errors
[0]PETSC ERROR: configure using --with-debugging=yes, recompile, link, and run 
[0]PETSC ERROR: to get more information on the crash.
MPICH ERROR [Rank 0] [job id 57649525.1] [Thu Aug 27 11:23:37 2026] [nid002268] - Abort(59) (rank 0 in comm 0): application called MPI_Abort(MPI_COMM_WORLD, 59) - process 0

aborting job:
application called MPI_Abort(MPI_COMM_WORLD, 59) - process 0
