mesh: 2926532 cells, 1466366 nodes, area 1428.7 km^2, cell area median 488.3 m^2
boundary edges 6198: outlet 13, perimeter (id 0) 6185
boundary length 217.3 km (outlet 503 m)
boundary nodes 6198, degree 2 on 6198 (0 non-manifold)
loops: 1; lengths km 217.3
marks 108 (37 censored); censored reach: Voronoi 1769 edges, within 26.2 km of outlet 2082 edges

=== mass balance: d(storage)/dt + outlet = implied rain ===
 hour  storage 1e6 m3   dV/dt m3/s  outlet m3/s  implied rain m3/s    mm/hr
    1            73.4       6630.7      -4946.0             4192.2   10.564
    2           130.5      15864.1      -7257.7             9762.2   24.599
    3           200.0      19320.3      -8522.1            11430.4   28.803
    4           265.6      18216.9      -5329.9            11290.8   28.451
    5           293.1       7622.5      -4135.6             2889.7    7.282
    6           326.3       9227.5      -3369.7             5474.8   13.796
    7           366.1      11063.0      -2745.2             8005.5   20.172
    8           408.8      11850.9      -2366.7             9295.0   23.422
    9           425.2       4571.6      -2062.0             2357.2    5.940
   10           453.2       7768.2      -1772.1             5851.1   14.744
   11           490.7      10413.7      -1506.5             8774.4   22.110
   12           537.9      13110.0      -1347.4            11683.0   29.439
   13           576.3      10664.7      -1228.4             9376.8   23.628
   14           610.3       9464.2      -1160.8             8269.6   20.838
   15           636.1       7167.6      -1083.2             6045.6   15.234
   16           655.3       5306.8       -947.1             4291.6   10.814
   17           692.5      10344.6       -886.6             9427.7   23.756
   18           720.0       7630.6       -781.3             6796.7   17.126
   19           727.3       2051.8       -689.1             1316.6    3.318
   20           733.7       1762.0       -630.1             1102.4    2.778
   21           742.4       2422.5       -551.1             1831.9    4.616
   22           763.3       5811.4       -452.2             5309.8   13.380
   23           794.8       8739.9       -420.9             8303.4   20.923
   24           813.7       5263.8       -375.9             4865.4   12.260
   25           826.9       3663.7       -326.1             3312.8    8.348
   26           865.6      10732.3       -270.5            10434.0   26.292
   27           914.4      13570.7       -178.0            13346.4   33.631
   28           980.5      18341.0       -118.2            18192.9   45.843
   29          1021.5      11397.4        -95.0            11290.9   28.451
   30          1038.2       4632.8        -87.3             4541.7   11.444
   31          1049.0       3019.0        -75.9             2937.4    7.402
   32          1050.8        503.6        -67.2              432.0    1.089
   33          1052.2        371.0        -56.7              309.0    0.779
   34          1053.7        420.5        -47.1              368.6    0.929
   35          1056.5        782.2        -36.1              740.6    1.866
   36          1057.8        351.9        -25.0              321.3    0.810
   37          1058.8        270.7        -13.3              251.6    0.634
   38          1060.1        380.0         -1.4              372.6    0.939
   39          1065.4       1475.6         11.0             1480.5    3.730
   40          1070.6       1438.3         24.9             1456.3    3.670
   41          1081.1       2925.5         39.5             2957.7    7.453
   42          1089.1       2212.5         49.5             2257.0    5.687
   43          1100.3       3095.8         63.4             3152.3    7.943
   44          1106.8       1818.8         91.8             1896.4    4.779
   45          1119.1       3402.8         78.8             3488.2    8.790
   46          1138.2       5322.1        112.2             5417.6   13.651
   47          1161.4       6448.5        114.3             6561.7   16.534
   48          1180.3       5249.1        147.2             5379.9   13.556
   49          1188.1       2169.3        151.5             2318.6    5.843
   50          1197.2       2522.0        171.8             2683.6    6.762
   51          1204.1       1917.3        176.7             2091.6    5.270
   52          1212.3       2282.8        193.5             2467.9    6.219
   53          1215.2        808.1        208.5             1009.1    2.543
   54          1220.4       1443.4        220.2             1657.7    4.177
   55          1228.2       2163.0        231.7             2389.0    6.020
   56          1235.4       1996.4        260.7             2242.6    5.651
   57          1243.0       2114.9        285.0             2387.7    6.017
   58          1248.2       1424.6        312.8             1723.5    4.343
   59          1251.4        896.3        339.4             1222.4    3.080
   60          1254.3        815.6        364.3             1167.4    2.942
   61          1256.0        455.3        387.9              831.3    2.095
   62          1256.1         36.1        411.6              435.8    1.098
   63          1256.3         48.1        437.4              472.6    1.191
   64          1255.9       -103.5        460.9              345.6    0.871
   65          1256.5        180.9        484.9              653.8    1.647
   66          1258.6        568.0        509.2             1065.0    2.684
   67          1258.7         38.3        534.7              560.3    1.412
   68          1257.8       -255.1        559.8              292.2    0.736
   69          1257.1       -201.9        584.6              370.3    0.933
   70          1256.0       -289.4        611.2              308.4    0.777
   71          1254.6       -409.7        636.8              214.3    0.540
   72          1252.5       -571.6        661.3               77.4    0.195
