[10] This process is not using the same device it did during gtl_init.
 Current device_id 2 original device_id 0.
 Use of IPC is disabled from this point. IPC PUT protocol may be used instead 
[11] This process is not using the same device it did during gtl_init.
 Current device_id 3 original device_id 0.
 Use of IPC is disabled from this point. IPC PUT protocol may be used instead 
[13] This process is not using the same device it did during gtl_init.
 Current device_id 1 original device_id 0.
 Use of IPC is disabled from this point. IPC PUT protocol may be used instead 
[9] This process is not using the same device it did during gtl_init.
 Current device_id 1 original device_id 0.
 Use of IPC is disabled from this point. IPC PUT protocol may be used instead 
[14] This process is not using the same device it did during gtl_init.
 Current device_id 2 original device_id 0.
 Use of IPC is disabled from this point. IPC PUT protocol may be used instead 
[15] This process is not using the same device it did during gtl_init.
 Current device_id 3 original device_id 0.
 Use of IPC is disabled from this point. IPC PUT protocol may be used instead 
[7] This process is not using the same device it did during gtl_init.
 Current device_id 3 original device_id 0.
 Use of IPC is disabled from this point. IPC PUT protocol may be used instead 
[6] This process is not using the same device it did during gtl_init.
 Current device_id 2 original device_id 0.
 Use of IPC is disabled from this point. IPC PUT protocol may be used instead 
[1] This process is not using the same device it did during gtl_init.
 Current device_id 1 original device_id 0.
 Use of IPC is disabled from this point. IPC PUT protocol may be used instead 
[2] This process is not using the same device it did during gtl_init.
 Current device_id 2 original device_id 0.
 Use of IPC is disabled from this point. IPC PUT protocol may be used instead 
[3] This process is not using the same device it did during gtl_init.
 Current device_id 3 original device_id 0.
 Use of IPC is disabled from this point. IPC PUT protocol may be used instead 
[5] This process is not using the same device it did during gtl_init.
 Current device_id 1 original device_id 0.
 Use of IPC is disabled from this point. IPC PUT protocol may be used instead 
Opening /global/cfs/cdirs/m4267/shared/data/harvey/spatially-distributed-rainfall/mm-per-hr/mrms/bin/2017-08-26:18-00.int32.bin 
Opening /global/cfs/cdirs/m4267/shared/data/harvey/spatially-distributed-rainfall/mm-per-hr/mrms/bin/2017-08-26:19-00.int32.bin 
Opening /global/cfs/cdirs/m4267/shared/data/harvey/spatially-distributed-rainfall/mm-per-hr/mrms/bin/2017-08-26:20-00.int32.bin 
Opening /global/cfs/cdirs/m4267/shared/data/harvey/spatially-distributed-rainfall/mm-per-hr/mrms/bin/2017-08-26:21-00.int32.bin 
Opening /global/cfs/cdirs/m4267/shared/data/harvey/spatially-distributed-rainfall/mm-per-hr/mrms/bin/2017-08-26:22-00.int32.bin 
Opening /global/cfs/cdirs/m4267/shared/data/harvey/spatially-distributed-rainfall/mm-per-hr/mrms/bin/2017-08-26:23-00.int32.bin 
Opening /global/cfs/cdirs/m4267/shared/data/harvey/spatially-distributed-rainfall/mm-per-hr/mrms/bin/2017-08-27:00-00.int32.bin 
Opening /global/cfs/cdirs/m4267/shared/data/harvey/spatially-distributed-rainfall/mm-per-hr/mrms/bin/2017-08-27:01-00.int32.bin 
Opening /global/cfs/cdirs/m4267/shared/data/harvey/spatially-distributed-rainfall/mm-per-hr/mrms/bin/2017-08-27:02-00.int32.bin 
Opening /global/cfs/cdirs/m4267/shared/data/harvey/spatially-distributed-rainfall/mm-per-hr/mrms/bin/2017-08-27:03-00.int32.bin 
Opening /global/cfs/cdirs/m4267/shared/data/harvey/spatially-distributed-rainfall/mm-per-hr/mrms/bin/2017-08-27:04-00.int32.bin 
Opening /global/cfs/cdirs/m4267/shared/data/harvey/spatially-distributed-rainfall/mm-per-hr/mrms/bin/2017-08-27:05-00.int32.bin 
Opening /global/cfs/cdirs/m4267/shared/data/harvey/spatially-distributed-rainfall/mm-per-hr/mrms/bin/2017-08-27:06-00.int32.bin 
Opening /global/cfs/cdirs/m4267/shared/data/harvey/spatially-distributed-rainfall/mm-per-hr/mrms/bin/2017-08-27:07-00.int32.bin 
Opening /global/cfs/cdirs/m4267/shared/data/harvey/spatially-distributed-rainfall/mm-per-hr/mrms/bin/2017-08-27:08-00.int32.bin 
Opening /global/cfs/cdirs/m4267/shared/data/harvey/spatially-distributed-rainfall/mm-per-hr/mrms/bin/2017-08-27:09-00.int32.bin 
Opening /global/cfs/cdirs/m4267/shared/data/harvey/spatially-distributed-rainfall/mm-per-hr/mrms/bin/2017-08-27:10-00.int32.bin 
Opening /global/cfs/cdirs/m4267/shared/data/harvey/spatially-distributed-rainfall/mm-per-hr/mrms/bin/2017-08-27:11-00.int32.bin 
Opening /global/cfs/cdirs/m4267/shared/data/harvey/spatially-distributed-rainfall/mm-per-hr/mrms/bin/2017-08-27:12-00.int32.bin 
Opening /global/cfs/cdirs/m4267/shared/data/harvey/spatially-distributed-rainfall/mm-per-hr/mrms/bin/2017-08-27:13-00.int32.bin 
Opening /global/cfs/cdirs/m4267/shared/data/harvey/spatially-distributed-rainfall/mm-per-hr/mrms/bin/2017-08-27:14-00.int32.bin 
Opening /global/cfs/cdirs/m4267/shared/data/harvey/spatially-distributed-rainfall/mm-per-hr/mrms/bin/2017-08-27:15-00.int32.bin 
Opening /global/cfs/cdirs/m4267/shared/data/harvey/spatially-distributed-rainfall/mm-per-hr/mrms/bin/2017-08-27:16-00.int32.bin 
Opening /global/cfs/cdirs/m4267/shared/data/harvey/spatially-distributed-rainfall/mm-per-hr/mrms/bin/2017-08-27:17-00.int32.bin 
Opening /global/cfs/cdirs/m4267/shared/data/harvey/spatially-distributed-rainfall/mm-per-hr/mrms/bin/2017-08-27:18-00.int32.bin 
Opening /global/cfs/cdirs/m4267/shared/data/harvey/spatially-distributed-rainfall/mm-per-hr/mrms/bin/2017-08-27:19-00.int32.bin 
Opening /global/cfs/cdirs/m4267/shared/data/harvey/spatially-distributed-rainfall/mm-per-hr/mrms/bin/2017-08-27:20-00.int32.bin 
Opening /global/cfs/cdirs/m4267/shared/data/harvey/spatially-distributed-rainfall/mm-per-hr/mrms/bin/2017-08-27:21-00.int32.bin 
Opening /global/cfs/cdirs/m4267/shared/data/harvey/spatially-distributed-rainfall/mm-per-hr/mrms/bin/2017-08-27:22-00.int32.bin 
Opening /global/cfs/cdirs/m4267/shared/data/harvey/spatially-distributed-rainfall/mm-per-hr/mrms/bin/2017-08-27:23-00.int32.bin 
Opening /global/cfs/cdirs/m4267/shared/data/harvey/spatially-distributed-rainfall/mm-per-hr/mrms/bin/2017-08-28:00-00.int32.bin 
Opening /global/cfs/cdirs/m4267/shared/data/harvey/spatially-distributed-rainfall/mm-per-hr/mrms/bin/2017-08-28:01-00.int32.bin 
Opening /global/cfs/cdirs/m4267/shared/data/harvey/spatially-distributed-rainfall/mm-per-hr/mrms/bin/2017-08-28:02-00.int32.bin 
Opening /global/cfs/cdirs/m4267/shared/data/harvey/spatially-distributed-rainfall/mm-per-hr/mrms/bin/2017-08-28:03-00.int32.bin 
Opening /global/cfs/cdirs/m4267/shared/data/harvey/spatially-distributed-rainfall/mm-per-hr/mrms/bin/2017-08-28:04-00.int32.bin 
Opening /global/cfs/cdirs/m4267/shared/data/harvey/spatially-distributed-rainfall/mm-per-hr/mrms/bin/2017-08-28:05-00.int32.bin 
Opening /global/cfs/cdirs/m4267/shared/data/harvey/spatially-distributed-rainfall/mm-per-hr/mrms/bin/2017-08-28:06-00.int32.bin 
Opening /global/cfs/cdirs/m4267/shared/data/harvey/spatially-distributed-rainfall/mm-per-hr/mrms/bin/2017-08-28:07-00.int32.bin 
Opening /global/cfs/cdirs/m4267/shared/data/harvey/spatially-distributed-rainfall/mm-per-hr/mrms/bin/2017-08-28:08-00.int32.bin 
Opening /global/cfs/cdirs/m4267/shared/data/harvey/spatially-distributed-rainfall/mm-per-hr/mrms/bin/2017-08-28:09-00.int32.bin 
Opening /global/cfs/cdirs/m4267/shared/data/harvey/spatially-distributed-rainfall/mm-per-hr/mrms/bin/2017-08-28:10-00.int32.bin 
rain schedule: 12 hourly datasets preloaded for the 43200 s window (event hours 29-40)
ic scale: state x 0.7 (max h 17.7573 -> 12.4301 m), velocities unchanged
hwm observations: 46 marks (0 below cell bed, zero-weighted), peaks sampled at 144 times every 300 steps
hwm eval (prior field): J 6.188921e+02, peak-WSE MAE 0.6117 m, model dry at 0 of 46 marks (144 obs times over 43200 steps)
